{"result":"{\n  \"original_text\": \"I am going to visit a doctor.\",\n  \"reduced_text\": \"Visit doctor.\",\n  \"dhatu\": {\n    \"roots\": [\"go\", \"visit\"],\n    \"nouns\": [\"I\", \"doctor\"],\n    \"explanation\": \"The sentence encodes the motion (go) toward the action of visiting, with the agent I and the patient doctor.\"\n  },\n  \"pratyaya\": {\n    \"affixes\": [\"present‑progressive marker\", \"infinitive/purpose marker\"],\n    \"state_changes\": [\"subject initiates movement\", \"action directed toward doctor\"],\n    \"explanation\": \"Affixes signal an ongoing intention (am going) and the purpose of that movement (to visit).\"\n  },\n  \"sandhi\": {\n    \"junction_rules\": [\"Root 'go' + progressive suffix merges, then attaches the infinitive form of 'visit' before the object.\"],\n    \"optimization\": \"Merges two sequential actions into a single compact verb phrase, eliminating redundant auxiliary verbs.\"\n  },\n  \"sutra\": {\n    \"formal_rule\": \"If a dhatu expresses motion and is followed by a purpose‑infinitive, combine them using the progressive affix + purpose marker.\",\n    \"code_or_logic\": \"verb = combine(root_go, progressive) + combine(root_visit, purpose) ; sentence = subject(I) + verb + object(doctor);\"\n  }\n}"}